// Jest Snapshot v1, https://goo.gl/fbAQLP

exports[`Hello testing test01 1`] = `
<div
  data-testid="hello"
>
  <h1>
    Hello from 
    mycompiler
     and 
    myframework
    !
  </h1>
</div>
`;
